exports[`test App component snapshot 1`] = `
<div>
  <nav
    className="eeholh">
    <h1
      className="jjyWc">
      MyDevoxx
    </h1>
    <ul
      className="hJKnQv">
      <li
        className="kumMTW">
        <a
          href="/"
          onClick={[Function]}>
          Home
        </a>
      </li>
      <li
        className="kumMTW">
        <a
          href="/report"
          onClick={[Function]}>
          Report
        </a>
      </li>
      <li
        className="kumMTW">
        <a
          href="/top-rated"
          onClick={[Function]}>
          Top Rated
        </a>
      </li>
    </ul>
  </nav>
  <div>
    Dashboard
  </div>
</div>
`;
