exports[`test App component snapshot 1`] = `
<div
  className="dPaMyZ">
  <div
    className="iJXstL">
    <div
      className="glmvbA">
      <h1>
        Personal Devoxx
      </h1>
    </div>
  </div>
  <section>
    <div
      className="jElMWD row center-xs middle-xs">
      <div
        className="kMFmgp row">
        <h3>
           Please login to Personal Devoxx 
        </h3>
        <p>
          Error loading login, please try again later.
        </p>
        <div
          id="firebaseui-auth-container" />
      </div>
    </div>
  </section>
  <div
    className="XuPtA row">
    <div
      className="fXKusO">
      <a
        href="https://www.uk.capgemini.com/">
         
        <img
          alt="Capgemini Logo"
          src="caplogo.svg"
          style={
            Object {
              "height": 150,
              "width": 250,
            }
          } />
      </a>
      <a
        href="https://www.capgemini.com/applied-innovation-exchange">
         
        <img
          alt="Capgemini AIE Logo"
          src="Aie-logo-nolocation.svg"
          style={
            Object {
              "height": 125,
              "width": 300,
            }
          } />
      </a>
    </div>
    <a
      href="http://www.uk.capgemini.com/careers/apply-now">
       
      <h3
        className="crBpDb">
        Come work with us
      </h3>
    </a>
  </div>


</div>
`;
