exports[`test SpeakerCard component with title snapshot 1`] = `
<div
  className="lluTUT row">
  <div
    className="euoSBq">
    <div
      className="row">
      <div
        className="">
        <img
          className="fOjFzA"
          src="defaultIcon.png" />
      </div>
      <div
        className="col-xs">
        <div>
          <h3>
            Testy
          </h3>
          <p>
            Testy Inc.
          </p>
        </div>
      </div>
    </div>
    <div
      className="row">
      <div
        className="">
        <div>
          Personal Blog:
        </div>
        <div
          className="fYLUow">
          blogname.com
        </div>
      </div>
    </div>
    <div
      className="row">
      <div
        className="">
        <div>
          Other Talks:
        </div>
        <ul>
          <div
            className="fYLUow">
            <li>
              Talk 1 is One
            </li>
            <li>
              Talk 2 is Two
            </li>
            <li>
              Talk 3 is Three
            </li>
          </div>
        </ul>
      </div>
    </div>
  </div>
</div>
`;
