exports[`test SpeakerCard component with title snapshot 1`] = `
<div
  className="lluTUT row">
  <div
    className="kblate">
    <div
      className="row">
      <div
        className="">
        <img
          className="jmFtVx"
          src="http://avatar.url" />
      </div>
      <div
        className="col-xs">
        <div>
          <h3>
            Dan Cotton
          </h3>
          <p>
            Capgemini
          </p>
        </div>
      </div>
    </div>
    <div
      className="row">
      <div
        className="">
        <div>
          Personal Blog:
        </div>
        <div
          className="fYLUow">
          http://daniel-cotton.co.uk
        </div>
      </div>
    </div>
    <div
      className="row">
      <div
        className="">
        <div>
          Other Talks:
        </div>
        <ul>
          <div
            className="fYLUow">
            <li>
              Talk Title Tester
            </li>
          </div>
        </ul>
      </div>
    </div>
  </div>
</div>
`;
