exports[`test sessionsAttended component with title snapshot 1`] = `
<div
  className="coDiMZ">
  <div
    className="bvnlUe row">
    <div
      className="col-xs-12">
      <div
        className="col-xs-10">
        <div
          className="row start-xs">
          <h1
            className="dEhMDz">
            MySessions
          </h1>
        </div>
      </div>
      <div
        className="row center-xs">
        <div
          className="col-xs-10">
          <div
            className="row start-xs middle-xs">
            <div
              className="col-xs">
              <h2
                className="gkGJEX">
                Polymer - Web Standards
              </h2>
              <p>
                Lorem ipsum dolor sit amet, consectetur adipiscing elit. Vestibulum eget libero mi. Ut vulputate leo in velit porta sollicitudin. Pellentesque vitae felis maximus, gravida mauris sed, bibendum turpis.
              </p>
            </div>
            <div
              className="col-xs-2">
              <img
                className="gosEQ"
                src="defaultIcon.png" />
            </div>
          </div>
        </div>
      </div>
      <div
        className="row center-xs">
        <div
          className="col-xs-10">
          <div
            className="row start-xs middle-xs">
            <div
              className="col-xs">
              <h3
                className="jJURiy">
                Speaker:
              </h3>
              <p>
                Dan Cotton
              </p>
            </div>
          </div>
        </div>
      </div>
    </div>
  </div>
</div>
`;
