exports[`test user email component with snapshot 1`] = `
<section>
  <div
    className="jElMWD row center-xs middle-xs">
    <div
      className="gvZcfI row">
      <h3>
         Please login with your email 
      </h3>
      <form
        className="mui-form "
        onSubmit={[Function]}>
        <div
          className="mui-textfield mui-textfield--float-label "
          style={undefined}>
          <input
            className="mui--is-untouched mui--is-pristine mui--is-empty"
            name="email"
            onBlur={[Function]}
            onChange={[Function]}
            placeholder={null}
            required={true}
            type="email" />
          <label
            onClick={[Function]}
            style={Object {}}>
            Email
          </label>
        </div>
        <button
          className="mui-btn "
          disabled={false}
          onMouseDown={[Function]}
          onMouseLeave={[Function]}
          onMouseUp={[Function]}
          onTouchEnd={[Function]}
          onTouchStart={[Function]}
          type="submit">
          Submit
          <span
            className="mui-btn__ripple-container">
            <span
              className="mui-ripple"
              style={undefined} />
          </span>
        </button>
      </form>
    </div>
  </div>
</section>
`;
