exports[`test user email component with snapshot 1`] = `
<section>
  <div
    className="jElMWD row center-xs middle-xs">
    <div
      className="kMFmgp row">
      <h3>
         Please login to Personal Devoxx 
      </h3>
      <p>
        Error loading login, please try again later.
      </p>
      <div
        id="firebaseui-auth-container" />
    </div>
  </div>
</section>
`;
