exports[`test card component with title snapshot 1`] = `
<div
  className="kRQFnd row start-xs">
  <div
    className="col-xs-12 col-md-6 fteZLe">
    <div
      className="row start-xs">
      <h2
        className="Axdp"
        id="title">
        Welcome to Devoxx
      </h2>
    </div>
    <div
      className="row end-xs">
      <div
        className="row start-xs">
        <div
          className="cWcebC" />
        <div
          className="cWcebC" />
        <div
          className="cWcebC" />
        <div
          className="cWcebC" />
        <div
          className="cWcebC" />
      </div>
    </div>
    <p
      className="jLJUnn">
      This is a talk about devoxx
    </p>
    
  </div>
  <div
    className="col-xs-12 col-md-6 eOYzku">
    <div
      className="row start-xs">
      <h3
        className="jJURiy"
        id="notesHeader">
        My Notes
      </h3>
    </div>
    <textarea
      className="dBQlNn"
      placeholder="Write notes here..." />
    <div
      className="row">
      <h3
        className="jJURiy">
        Top Tracks
      </h3>
    </div>
    <div
      className="row">
      <ul
        className="gvIwUo">
        <li
          className="cLQKgI">
          track1
        </li>
        <li
          className="cLQKgI">
          track2
        </li>
      </ul>
    </div>
  </div>
</div>
`;
