exports[`test FurtherReading component with title snapshot 1`] = `
<section
  className="eieVzi"
  id="recommended-reading">
  <h2
    className="fcdRkU">
    Recommendations
  </h2>
  <a
    href="http://devoxx.co.uk">
    <div
      className="cjLgcJ row">
      <div>
        <div>
          <h3>
            Intro to Devoxx
          </h3>
          <h4>
            http://devoxx.co.uk
          </h4>
        </div>
      </div>
      <p>
        Based on your 
        tracks
      </p>
    </div>
  </a>
  <a
    href="http://devoxx.co.uk">
    <div
      className="cjLgcJ row">
      <div>
        <div>
          <h3>
            Intro to Devoxx2
          </h3>
          <h4>
            http://devoxx.co.uk
          </h4>
        </div>
      </div>
      <p>
        Based on your 
        tracks
      </p>
    </div>
  </a>
  <a
    href="http://devoxx.co.uk">
    <div
      className="cjLgcJ row">
      <div>
        <div>
          <h3>
            Intro to Devoxx3
          </h3>
          <h4>
            http://devoxx.co.uk
          </h4>
        </div>
      </div>
      <p>
        Based on your 
        tracks
      </p>
    </div>
  </a>
  <a
    href="http://devoxx.co.uk">
    <div
      className="cjLgcJ row">
      <div>
        <div>
          <h3>
            Intro to Devoxx4
          </h3>
          <h4>
            http://devoxx.co.uk
          </h4>
        </div>
      </div>
      <p>
        Based on your 
        tracks
      </p>
    </div>
  </a>
</section>
`;
