exports[`test Report component snapshot 1`] = `
<div
  className="report">
  <div
    className="row center-xs">
    <div
      className="col-xs-12">
      <div
        className="row center-xs">
        <div
          className="col-xs-10">
          <div
            className="col-xs-2">
            <div
              className="row start-xs">
              <h1
                className="iscJSK">
                MyReport
              </h1>
            </div>
          </div>
          <div
            className="row center-xs">
            <div
              className="col-xs-10">
              <h2
                className="eUofwH">
                I spent 
                <span
                  className="kiuWfQ">
                  455
                   minutes
                </span>
              </h2>
              <p
                className="jlawfx">
                Attending 
                <span
                  className="kiuWfQ">
                  10
                   talks
                </span>
              </p>
              <h2
                className="eUofwH">
                Learning what\'s new in...
              </h2>
              <div
                className="ieDItR">
                <ul
                  className="bGhaQW">
                  <li
                    className="cLQKgI">
                    Spring
                  </li>
                  <li
                    className="cLQKgI">
                    Java
                  </li>
                </ul>
              </div>
              <h2
                className="eUofwH">
                Networking with
              </h2>
              <p
                className="jlawfx">
                 
                <span
                  className="kiuWfQ">
                  435
                </span>
                 Attendees
              </p>
            </div>
          </div>
        </div>
      </div>
    </div>
  </div>
  <div
    className="fGsKVL">
    <div
      className="row center-xs">
      <div
        className="col-xs-10">
        <div
          className="row">
          <div
            className="kRQFnd row start-xs">
            <div
              className="col-xs-12 col-md-6 fteZLe">
              <div
                className="row start-xs">
                <h2
                  className="Axdp"
                  id="title">
                  Test talk title
                </h2>
              </div>
              <div
                className="row end-xs">
                <div
                  className="row start-xs">
                  <div
                    className="cWcebC" />
                  <div
                    className="cWcebC" />
                  <div
                    className="cWcebC" />
                  <div
                    className="cWcebC" />
                  <div
                    className="cWcebC" />
                </div>
              </div>
              <p
                className="jLJUnn">
                Talk Overview over the time..
              </p>
            </div>
            <div
              className="col-xs-12 col-md-6 eOYzku">
              <div
                className="row start-xs">
                <h3
                  className="jJURiy"
                  id="notesHeader">
                  My Notes
                </h3>
              </div>
              <textarea
                className="dBQlNn"
                placeholder="Write notes here..." />
              <div
                className="row">
                <h3
                  className="jJURiy">
                  Top Tracks
                </h3>
              </div>
              <div
                className="row">
                <ul
                  className="gvIwUo">
                  <li
                    className="cLQKgI">
                    method_architecture
                  </li>
                </ul>
              </div>
            </div>
          </div>
        </div>
        <div
          className="eOWHKp row center-xs">
          <div
            className="col-md-6 col-xs-12 gWwfhI">
            <div
              className="lluTUT row">
              <div
                className="kblate">
                <div
                  className="row">
                  <div
                    className="">
                    <img
                      className="jmFtVx"
                      src="https://images.net/photo.jpg" />
                  </div>
                  <div
                    className="col-xs">
                    <div>
                      <h3>
                        Daan Cotton
                      </h3>
                      <p>
                        Cap AIE
                      </p>
                    </div>
                  </div>
                </div>
                <div
                  className="row">
                  <div
                    className="">
                    <div>
                      Personal Blog:
                    </div>
                    <div
                      className="fYLUow">
                      http://www.danco.com
                    </div>
                  </div>
                </div>
                <div
                  className="row">
                  <div
                    className="">
                    <div>
                      Other Talks:
                    </div>
                    <ul>
                      <div
                        className="fYLUow">
                        <li>
                          Test talk title
                        </li>
                      </div>
                    </ul>
                  </div>
                </div>
              </div>
            </div>
          </div>
        </div>
      </div>
    </div>
  </div>
</div>
`;
